suite rows 154877 state hashes 4339603 question hashes 6923162
train R2/R3 (rows, hit suite-state, hit suite-questions): {'tasksource': (16521, 70, 55), 'openjev': (7186, 3, 2), 'openjev/wanli': (1984, 0, 0), 'sargedev': (14309, 0, 0)} total 40000 73 57
train R4: {'tasksource': (25743, 106, 79), 'openjev': (11169, 4, 3), 'openjev/wanli': (3088, 0, 0)} total 40000 110 82
pool 200k: {'tasksource': (82706, 332, 302), 'openjev': (35765, 9, 13), 'openjev/wanli': (10000, 2, 2), 'sargedev': (71529, 0, 0)} total 200000 343 317
suite->R3 train (benchmark, rows, state hits train-state, any hit train-any):
  ContractNLI: 123 19 19 (15.447%)
  BRIGHT: 637 1 52 (8.163%)
  ToolRet: 1328 0 53 (3.991%)
  SATA-Bench: 1650 46 46 (2.788%)
  WinoGrande: 1267 0 32 (2.526%)
  RouterBench: 10000 50 50 (0.500%)
  RAGTruth response-level hallucination: 2700 12 12 (0.444%)
  HoVer claim verification: 4000 15 15 (0.375%)
  ANLI: 3200 0 9 (0.281%)
  MMLU: 14042 0 10 (0.071%)
  MMLU-Pro: 12032 6 7 (0.058%)
  BBH fixed-option tasks: 5507 3 3 (0.054%)
  ARC-Easy: 2376 0 1 (0.042%)
  HellaSwag: 10042 0 3 (0.030%)
  BFCL: 1694 0 0 (0.000%)
  API-Bank: 508 0 0 (0.000%)
  BANKING77: 3080 0 0 (0.000%)
  CLINC150+OOS: 5500 0 0 (0.000%)
  Home appliance simulator: 160 0 0 (0.000%)
  SGD/SGD-X: 2500 0 0 (0.000%)
  BPoMP: 5000 0 0 (0.000%)
  Humicroedit: 2628 0 0 (0.000%)
  POP909-CL: 2000 0 0 (0.000%)
  cfcolor: 5000 0 0 (0.000%)
  GPQA Diamond: 198 0 0 (0.000%)
  ARC-Challenge: 1172 0 0 (0.000%)
  GSM8K: 2638 0 0 (0.000%)
  ChessBench: 5000 0 0 (0.000%)
  MuSR: 756 0 0 (0.000%)
  SimpleBench: 10 0 0 (0.000%)
  Amazon ESCI: 5000 0 0 (0.000%)
  ACOS: 5479 0 0 (0.000%)
  FinEntity: 979 0 0 (0.000%)
  iSarcasmEval: 4600 0 0 (0.000%)
  VAST: 3006 0 0 (0.000%)
  NLI4CT: 5500 0 0 (0.000%)
  CRUXEval: 570 0 0 (0.000%)
  CLadder: 5000 0 0 (0.000%)
  ForecastBench: 10139 0 0 (0.000%)
  Habermas Machine: 1676 0 0 (0.000%)
  When2Call MCQ: 3652 0 0 (0.000%)
  New Yorker caption matching: 528 0 0 (0.000%)
  PhishNChips phishing decisions: 2000 0 0 (0.000%)
